---
source: src/scriptlets/app_object.rs
expression: irritations
---
- "warning[vex-1]: message-one"
- "warning[vex-1]: message-two"
- "warning[vex-2]: message-one"
- "warning[vex-2]: message-two"
- "warning[vex-1]: message-three\n --> src/main.rs:2:13\n  |\n2 |     let x = 1 + 2;\n  |             - l\n  |"
- "warning[vex-2]: message-three\n --> src/main.rs:2:13\n  |\n2 |     let x = 1 + 2;\n  |             - l\n  |"
- "warning[vex-1]: message-four\n --> src/main.rs:2:13\n  |\n2 |     let x = 1 + 2;\n  |             ----- bin_expr\n  |             - info: l\n  |"
- "warning[vex-1]: message-five\n --> src/main.rs:2:13\n  |\n2 |     let x = 1 + 2;\n  |             ----- bin_expr\n  |             - info: l\n  |\n  = info: some hopefully useful extra info"
- "warning[vex-1]: message-six\n --> src/main.rs:2:13\n  |\n2 |     let x = 1 + 2;\n  |             ----- bin_expr\n  |                 - info: r\n  |"
- "warning[vex-1]: message-seven\n --> src/main.rs:2:13\n  |\n2 |     let x = 1 + 2;\n  |             ----- bin_expr\n  |                 - info: r\n  |\n  = info: some hopefully useful extra info"
- "warning[vex-2]: message-four\n --> src/main.rs:2:13\n  |\n2 |     let x = 1 + 2;\n  |             ----- bin_expr\n  |             - info: l\n  |"
- "warning[vex-2]: message-five\n --> src/main.rs:2:13\n  |\n2 |     let x = 1 + 2;\n  |             ----- bin_expr\n  |             - info: l\n  |\n  = info: some hopefully useful extra info"
- "warning[vex-2]: message-six\n --> src/main.rs:2:13\n  |\n2 |     let x = 1 + 2;\n  |             ----- bin_expr\n  |                 - info: r\n  |"
- "warning[vex-2]: message-seven\n --> src/main.rs:2:13\n  |\n2 |     let x = 1 + 2;\n  |             ----- bin_expr\n  |                 - info: r\n  |\n  = info: some hopefully useful extra info"
- "warning[vex-1]: message-eight\n --> src/main.rs:2:17\n  |\n2 |     let x = 1 + 2;\n  |                 - r\n  |"
- "warning[vex-2]: message-eight\n --> src/main.rs:2:17\n  |\n2 |     let x = 1 + 2;\n  |                 - r\n  |"
